127.0.0.1 - - [16/Dec/2020:12:57:44 +0530] "GET / HTTP/1.1" 404 751
0:0:0:0:0:0:0:1 - - [16/Dec/2020:12:57:45 +0530] "GET /HtmlComunication/InseartDataThrowHtml HTTP/1.1" 405 751
0:0:0:0:0:0:0:1 - - [16/Dec/2020:12:57:46 +0530] "GET /favicon.ico HTTP/1.1" 404 762
127.0.0.1 - - [16/Dec/2020:12:59:54 +0530] "GET / HTTP/1.1" 404 751
0:0:0:0:0:0:0:1 - - [16/Dec/2020:12:59:54 +0530] "GET /HtmlComunication/InseartDataThrowHtml HTTP/1.1" 405 751
127.0.0.1 - - [16/Dec/2020:13:02:02 +0530] "GET / HTTP/1.1" 404 751
0:0:0:0:0:0:0:1 - - [16/Dec/2020:13:02:03 +0530] "GET /HtmlComunication/InseartDataThrowHtml HTTP/1.1" 405 751
127.0.0.1 - - [16/Dec/2020:13:09:45 +0530] "GET / HTTP/1.1" 404 751
0:0:0:0:0:0:0:1 - - [16/Dec/2020:13:09:46 +0530] "GET /HtmlDataBaseComm/InseartDataThrowHtml HTTP/1.1" 405 751
127.0.0.1 - - [16/Dec/2020:13:13:03 +0530] "GET / HTTP/1.1" 404 751
0:0:0:0:0:0:0:1 - - [16/Dec/2020:13:13:03 +0530] "GET /HtmlDataBaseComm/InsertDataThrowHtml HTTP/1.1" 405 751
127.0.0.1 - - [16/Dec/2020:13:14:19 +0530] "GET / HTTP/1.1" 404 751
0:0:0:0:0:0:0:1 - - [16/Dec/2020:13:14:20 +0530] "GET /HtmlDataBaseComm/InsertDataThrowHtml HTTP/1.1" 405 747
127.0.0.1 - - [16/Dec/2020:13:15:07 +0530] "GET / HTTP/1.1" 404 751
0:0:0:0:0:0:0:1 - - [16/Dec/2020:13:15:08 +0530] "GET /HtmlDataBaseComm/InsertDataThrowHtml HTTP/1.1" 405 751
127.0.0.1 - - [16/Dec/2020:13:16:25 +0530] "GET / HTTP/1.1" 404 751
0:0:0:0:0:0:0:1 - - [16/Dec/2020:13:16:26 +0530] "GET /DateApp/DateServlet HTTP/1.1" 200 39
0:0:0:0:0:0:0:1 - - [16/Dec/2020:13:16:27 +0530] "GET /DateApp/DateServlet HTTP/1.1" 200 39
0:0:0:0:0:0:0:1 - - [16/Dec/2020:13:16:28 +0530] "GET /DateApp/DateServlet HTTP/1.1" 200 39
0:0:0:0:0:0:0:1 - - [16/Dec/2020:13:16:29 +0530] "GET /DateApp/DateServlet HTTP/1.1" 200 39
0:0:0:0:0:0:0:1 - - [16/Dec/2020:13:16:30 +0530] "GET /DateApp/DateServlet HTTP/1.1" 200 39
0:0:0:0:0:0:0:1 - - [16/Dec/2020:13:16:31 +0530] "GET /DateApp/DateServlet HTTP/1.1" 200 39
127.0.0.1 - - [16/Dec/2020:13:17:36 +0530] "GET / HTTP/1.1" 404 751
0:0:0:0:0:0:0:1 - - [16/Dec/2020:13:17:36 +0530] "GET /HtmlDataBaseComm/InsertDataThrowHtml HTTP/1.1" 405 751
0:0:0:0:0:0:0:1 - - [16/Dec/2020:13:18:33 +0530] "GET /HtmlDataBaseComm/InseartDataThrowHtml HTTP/1.1" 405 751
127.0.0.1 - - [16/Dec/2020:13:20:32 +0530] "GET / HTTP/1.1" 404 751
0:0:0:0:0:0:0:1 - - [16/Dec/2020:13:20:33 +0530] "GET /HtmlDataBaseComm/InsertDataThrowHtml HTTP/1.1" 405 751
127.0.0.1 - - [16/Dec/2020:14:18:27 +0530] "GET / HTTP/1.1" 404 751
0:0:0:0:0:0:0:1 - - [16/Dec/2020:14:18:27 +0530] "GET /HtmlDataBaseComm/InsertDataThrowHtml HTTP/1.1" 405 751
0:0:0:0:0:0:0:1 - - [16/Dec/2020:14:18:28 +0530] "GET /favicon.ico HTTP/1.1" 404 762
127.0.0.1 - - [16/Dec/2020:14:19:41 +0530] "GET / HTTP/1.1" 404 751
0:0:0:0:0:0:0:1 - - [16/Dec/2020:14:19:42 +0530] "GET /HtmlDataBaseComm/WEB-INF/web.xml HTTP/1.1" 404 682
0:0:0:0:0:0:0:1 - - [16/Dec/2020:14:20:13 +0530] "GET /HtmlDataBaseComm HTTP/1.1" 302 -
0:0:0:0:0:0:0:1 - - [16/Dec/2020:14:20:13 +0530] "GET /HtmlDataBaseComm/ HTTP/1.1" 404 772
0:0:0:0:0:0:0:1 - - [16/Dec/2020:14:20:30 +0530] "GET /HtmlDataBaseComm/InsertDataThrowHtml HTTP/1.1" 405 751
0:0:0:0:0:0:0:1 - - [16/Dec/2020:14:24:58 +0530] "GET /HtmlDataBaseComm/InsertDataThrowHtml HTTP/1.1" 405 751
127.0.0.1 - - [16/Dec/2020:14:28:57 +0530] "GET / HTTP/1.1" 404 751
0:0:0:0:0:0:0:1 - - [16/Dec/2020:14:28:58 +0530] "GET /HtmlDataBaseComm/InsertDataThrowHtml HTTP/1.1" 405 751
0:0:0:0:0:0:0:1 - - [16/Dec/2020:14:29:24 +0530] "GET /HtmlDataBaseComm/InsertDataThrowHtml HTTP/1.1" 405 751
127.0.0.1 - - [16/Dec/2020:14:30:02 +0530] "GET / HTTP/1.1" 404 751
0:0:0:0:0:0:0:1 - - [16/Dec/2020:14:30:03 +0530] "GET /HtmlDataBaseComm/InsertDataThrowHtml HTTP/1.1" 405 751
127.0.0.1 - - [16/Dec/2020:14:33:12 +0530] "GET / HTTP/1.1" 404 751
0:0:0:0:0:0:0:1 - - [16/Dec/2020:14:33:12 +0530] "GET /DataBaseHtml/InseartDb HTTP/1.1" 200 24
127.0.0.1 - - [16/Dec/2020:14:34:36 +0530] "GET / HTTP/1.1" 404 751
0:0:0:0:0:0:0:1 - - [16/Dec/2020:14:34:37 +0530] "GET /HtmlDataBaseComm/InseartDataThrowHtml HTTP/1.1" 405 751
127.0.0.1 - - [16/Dec/2020:14:36:25 +0530] "GET / HTTP/1.1" 404 751
0:0:0:0:0:0:0:1 - - [16/Dec/2020:14:36:28 +0530] "GET /DataBaseHtml/InseartDb HTTP/1.1" 200 -
0:0:0:0:0:0:0:1 - - [16/Dec/2020:14:36:28 +0530] "GET /favicon.ico HTTP/1.1" 404 762
127.0.0.1 - - [16/Dec/2020:14:37:35 +0530] "GET / HTTP/1.1" 404 751
0:0:0:0:0:0:0:1 - - [16/Dec/2020:14:37:35 +0530] "GET /DataBaseHtml/InseartDb HTTP/1.1" 200 -
127.0.0.1 - - [16/Dec/2020:14:38:10 +0530] "GET / HTTP/1.1" 404 751
0:0:0:0:0:0:0:1 - - [16/Dec/2020:14:38:10 +0530] "GET /DataBaseHtml/InseartDb HTTP/1.1" 200 12
127.0.0.1 - - [16/Dec/2020:14:38:51 +0530] "GET / HTTP/1.1" 404 751
0:0:0:0:0:0:0:1 - - [16/Dec/2020:14:38:53 +0530] "GET /DataBaseHtml/InseartDb HTTP/1.1" 405 751
0:0:0:0:0:0:0:1 - - [16/Dec/2020:14:38:53 +0530] "GET /favicon.ico HTTP/1.1" 404 762
127.0.0.1 - - [16/Dec/2020:14:39:51 +0530] "GET / HTTP/1.1" 404 751
0:0:0:0:0:0:0:1 - - [16/Dec/2020:14:39:53 +0530] "GET /HtmlDataBaseComm/InseartDataThrowHtml HTTP/1.1" 200 12
0:0:0:0:0:0:0:1 - - [16/Dec/2020:14:39:54 +0530] "GET /favicon.ico HTTP/1.1" 404 762
127.0.0.1 - - [16/Dec/2020:14:40:52 +0530] "GET / HTTP/1.1" 404 751
0:0:0:0:0:0:0:1 - - [16/Dec/2020:14:40:55 +0530] "GET /HtmlDataBaseComm/InseartDataThrowHtml HTTP/1.1" 200 12
0:0:0:0:0:0:0:1 - - [16/Dec/2020:14:40:55 +0530] "GET /favicon.ico HTTP/1.1" 404 762
0:0:0:0:0:0:0:1 - - [16/Dec/2020:14:42:03 +0530] "GET /HtmlDataBaseComm/InseartDataThrowHtml HTTP/1.1" 200 12
0:0:0:0:0:0:0:1 - - [16/Dec/2020:14:42:03 +0530] "GET /HtmlDataBaseComm/InseartDataThrowHtml HTTP/1.1" 200 12
0:0:0:0:0:0:0:1 - - [16/Dec/2020:14:42:03 +0530] "GET /HtmlDataBaseComm/InseartDataThrowHtml HTTP/1.1" 200 12
0:0:0:0:0:0:0:1 - - [16/Dec/2020:14:42:04 +0530] "GET /HtmlDataBaseComm/InseartDataThrowHtml HTTP/1.1" 200 12
0:0:0:0:0:0:0:1 - - [16/Dec/2020:14:42:04 +0530] "GET /HtmlDataBaseComm/InseartDataThrowHtml HTTP/1.1" 200 12
0:0:0:0:0:0:0:1 - - [16/Dec/2020:14:42:04 +0530] "GET /HtmlDataBaseComm/InseartDataThrowHtml HTTP/1.1" 200 12
0:0:0:0:0:0:0:1 - - [16/Dec/2020:14:42:04 +0530] "GET /HtmlDataBaseComm/InseartDataThrowHtml HTTP/1.1" 200 12
0:0:0:0:0:0:0:1 - - [16/Dec/2020:14:42:04 +0530] "GET /HtmlDataBaseComm/InseartDataThrowHtml HTTP/1.1" 200 12
127.0.0.1 - - [16/Dec/2020:14:42:21 +0530] "GET / HTTP/1.1" 404 751
0:0:0:0:0:0:0:1 - - [16/Dec/2020:14:42:22 +0530] "GET /HtmlDataBaseComm/InsertDataThrowHtml HTTP/1.1" 200 12
127.0.0.1 - - [16/Dec/2020:14:44:49 +0530] "GET / HTTP/1.1" 404 751
0:0:0:0:0:0:0:1 - - [16/Dec/2020:14:44:49 +0530] "GET /HtmlDataBaseComm/InsertDataThrowHtml HTTP/1.1" 200 12
127.0.0.1 - - [16/Dec/2020:14:45:28 +0530] "GET / HTTP/1.1" 404 751
0:0:0:0:0:0:0:1 - - [16/Dec/2020:14:45:28 +0530] "GET /HtmlDataBaseComm/InsertDataThrowHtml HTTP/1.1" 200 12
127.0.0.1 - - [16/Dec/2020:14:48:56 +0530] "GET / HTTP/1.1" 404 751
0:0:0:0:0:0:0:1 - - [16/Dec/2020:14:48:57 +0530] "GET /HtmlDataBaseComm/InsertDataThrowHtml HTTP/1.1" 200 12
127.0.0.1 - - [16/Dec/2020:14:50:20 +0530] "GET / HTTP/1.1" 404 751
0:0:0:0:0:0:0:1 - - [16/Dec/2020:14:50:21 +0530] "GET /HtmlDataBaseComm/InsertDataThrowHtml HTTP/1.1" 200 12
127.0.0.1 - - [16/Dec/2020:15:01:59 +0530] "GET / HTTP/1.1" 404 751
0:0:0:0:0:0:0:1 - - [16/Dec/2020:15:01:59 +0530] "GET /HtmlDataBaseComm/ HTTP/1.1" 404 772
127.0.0.1 - - [16/Dec/2020:15:02:38 +0530] "GET / HTTP/1.1" 404 751
0:0:0:0:0:0:0:1 - - [16/Dec/2020:15:02:39 +0530] "GET /HtmlDataBaseComm/InsertDataThrowHtml HTTP/1.1" 200 28
127.0.0.1 - - [16/Dec/2020:15:05:32 +0530] "GET / HTTP/1.1" 404 751
0:0:0:0:0:0:0:1 - - [16/Dec/2020:15:05:33 +0530] "GET /HtmlDataBaseComm/InsertDataThrowHtml HTTP/1.1" 405 751
127.0.0.1 - - [16/Dec/2020:15:07:22 +0530] "GET / HTTP/1.1" 404 751
0:0:0:0:0:0:0:1 - - [16/Dec/2020:15:07:23 +0530] "GET /HtmlDataBaseComm/InsertDataThrowHtml HTTP/1.1" 200 28
127.0.0.1 - - [16/Dec/2020:15:10:18 +0530] "GET / HTTP/1.1" 404 751
0:0:0:0:0:0:0:1 - - [16/Dec/2020:15:10:19 +0530] "GET /HtmlDataBaseComm/InsertDataThrowHtml HTTP/1.1" 405 751
127.0.0.1 - - [16/Dec/2020:15:12:50 +0530] "GET / HTTP/1.1" 404 751
0:0:0:0:0:0:0:1 - - [16/Dec/2020:15:12:51 +0530] "GET /HtmlDataBaseComm/InsertDataThrowHtml HTTP/1.1" 405 751
127.0.0.1 - - [16/Dec/2020:15:13:27 +0530] "GET / HTTP/1.1" 404 751
0:0:0:0:0:0:0:1 - - [16/Dec/2020:15:13:28 +0530] "GET /HtmlDataBaseComm/InsertDataThrowHtml HTTP/1.1" 200 12
127.0.0.1 - - [16/Dec/2020:15:16:33 +0530] "GET / HTTP/1.1" 404 751
0:0:0:0:0:0:0:1 - - [16/Dec/2020:15:16:34 +0530] "GET /HtmlDataBaseComm/InsertDataThrowHtml HTTP/1.1" 200 12
127.0.0.1 - - [16/Dec/2020:15:25:01 +0530] "GET / HTTP/1.1" 404 751
0:0:0:0:0:0:0:1 - - [16/Dec/2020:15:25:01 +0530] "GET /HtmlDataBaseComm/InsertDataThrowHtml HTTP/1.1" 200 12
127.0.0.1 - - [16/Dec/2020:15:26:56 +0530] "GET / HTTP/1.1" 404 751
0:0:0:0:0:0:0:1 - - [16/Dec/2020:15:26:57 +0530] "GET /HtmlDataBaseComm/InsertDataThrowHtml HTTP/1.1" 200 12
127.0.0.1 - - [16/Dec/2020:15:52:38 +0530] "GET / HTTP/1.1" 404 751
0:0:0:0:0:0:0:1 - - [16/Dec/2020:15:52:40 +0530] "GET /HtmlDataBaseComm/InsertDataThrowHtml HTTP/1.1" 200 24
127.0.0.1 - - [16/Dec/2020:15:53:58 +0530] "GET / HTTP/1.1" 404 751
0:0:0:0:0:0:0:1 - - [16/Dec/2020:15:54:00 +0530] "GET /HtmlDataBaseComm/InsertDataThrowHtml HTTP/1.1" 200 24
127.0.0.1 - - [16/Dec/2020:16:11:37 +0530] "GET / HTTP/1.1" 404 751
0:0:0:0:0:0:0:1 - - [16/Dec/2020:16:11:38 +0530] "GET /HtmlDataBaseComm/index.html HTTP/1.1" 200 2048
0:0:0:0:0:0:0:1 - - [16/Dec/2020:16:11:54 +0530] "GET /HtmlDataBaseComm/index.html?SNo=1&Name=Zafar+Imam&City=Hyderabad&PhoneNumber=7032871006&email=zafarimam329%40gmail.com&gender=on HTTP/1.1" 200 2048
0:0:0:0:0:0:0:1 - - [16/Dec/2020:16:11:56 +0530] "GET /HtmlDataBaseComm/index.html?SNo=&Name=&City=&PhoneNumber=&email= HTTP/1.1" 200 2048
127.0.0.1 - - [16/Dec/2020:16:13:47 +0530] "GET / HTTP/1.1" 404 751
0:0:0:0:0:0:0:1 - - [16/Dec/2020:16:13:49 +0530] "GET /HtmlDataBaseComm/InsertDataThrowHtml HTTP/1.1" 405 751
127.0.0.1 - - [16/Dec/2020:16:15:27 +0530] "GET / HTTP/1.1" 404 751
0:0:0:0:0:0:0:1 - - [16/Dec/2020:16:15:29 +0530] "GET /HtmlDataBaseComm/InsertDataThrowHtml HTTP/1.1" 405 751
127.0.0.1 - - [16/Dec/2020:16:16:03 +0530] "GET / HTTP/1.1" 404 751
0:0:0:0:0:0:0:1 - - [16/Dec/2020:16:16:05 +0530] "GET /HtmlDataBaseComm/InsertDataThrowHtml HTTP/1.1" 500 24
127.0.0.1 - - [16/Dec/2020:16:18:19 +0530] "GET / HTTP/1.1" 404 751
0:0:0:0:0:0:0:1 - - [16/Dec/2020:16:18:19 +0530] "GET /HtmlDataBaseComm/index.html HTTP/1.1" 200 2062
0:0:0:0:0:0:0:1 - - [16/Dec/2020:16:18:28 +0530] "POST /HtmlDataBaseComm/index.html HTTP/1.1" 200 2062
0:0:0:0:0:0:0:1 - - [16/Dec/2020:16:18:30 +0530] "POST /HtmlDataBaseComm/index.html HTTP/1.1" 200 2062
0:0:0:0:0:0:0:1 - - [16/Dec/2020:16:18:30 +0530] "POST /HtmlDataBaseComm/index.html HTTP/1.1" 200 2062
0:0:0:0:0:0:0:1 - - [16/Dec/2020:16:18:30 +0530] "POST /HtmlDataBaseComm/index.html HTTP/1.1" 200 2062
0:0:0:0:0:0:0:1 - - [16/Dec/2020:16:18:30 +0530] "POST /HtmlDataBaseComm/index.html HTTP/1.1" 200 2062
0:0:0:0:0:0:0:1 - - [16/Dec/2020:16:18:30 +0530] "POST /HtmlDataBaseComm/index.html HTTP/1.1" 200 2062
0:0:0:0:0:0:0:1 - - [16/Dec/2020:16:18:30 +0530] "POST /HtmlDataBaseComm/index.html HTTP/1.1" 200 2062
0:0:0:0:0:0:0:1 - - [16/Dec/2020:16:18:31 +0530] "POST /HtmlDataBaseComm/index.html HTTP/1.1" 200 2062
0:0:0:0:0:0:0:1 - - [16/Dec/2020:16:19:51 +0530] "GET /HtmlDataBaseComm/InsertDataThrowHtml HTTP/1.1" 405 751
127.0.0.1 - - [16/Dec/2020:16:21:39 +0530] "GET / HTTP/1.1" 404 751
0:0:0:0:0:0:0:1 - - [16/Dec/2020:16:21:40 +0530] "GET /HtmlDataBaseComm/InsertDataThrowHtml HTTP/1.1" 500 24
127.0.0.1 - - [16/Dec/2020:16:22:17 +0530] "GET / HTTP/1.1" 404 751
0:0:0:0:0:0:0:1 - - [16/Dec/2020:16:22:19 +0530] "GET /HtmlDataBaseComm/InsertDataThrowHtml HTTP/1.1" 405 751
127.0.0.1 - - [16/Dec/2020:16:23:39 +0530] "GET / HTTP/1.1" 404 751
0:0:0:0:0:0:0:1 - - [16/Dec/2020:16:23:41 +0530] "GET /HtmlDataBaseComm/InsertDataThrowHtml HTTP/1.1" 500 24
0:0:0:0:0:0:0:1 - - [16/Dec/2020:16:23:57 +0530] "GET /HtmlDataBaseComm/index.html HTTP/1.1" 200 2061
0:0:0:0:0:0:0:1 - - [16/Dec/2020:16:24:07 +0530] "GET /HtmlDataBaseComm/index.html?SNo=1&Name=Zafar+Imam&City=Hyderabad&PhoneNumber=07032871006&email=zafarimam329%40gmail.com&gender=on HTTP/1.1" 200 2061
127.0.0.1 - - [16/Dec/2020:16:27:22 +0530] "GET / HTTP/1.1" 404 751
0:0:0:0:0:0:0:1 - - [16/Dec/2020:16:27:23 +0530] "GET /HtmlDataBaseComm/index.html HTTP/1.1" 304 -
0:0:0:0:0:0:0:1 - - [16/Dec/2020:16:27:31 +0530] "GET /HtmlDataBaseComm/index.html?SNo=1&Name=Zafar+Imam&City=Hyderabad&PhoneNumber=07032871006&email=zafarimam329%40gmail.com&gender=on HTTP/1.1" 304 -
127.0.0.1 - - [16/Dec/2020:16:29:09 +0530] "GET / HTTP/1.1" 404 751
0:0:0:0:0:0:0:1 - - [16/Dec/2020:16:29:09 +0530] "GET /SampleCalculator/calculator.html HTTP/1.1" 200 1924
0:0:0:0:0:0:0:1 - - [16/Dec/2020:16:29:10 +0530] "GET /SampleCalculator/login.css HTTP/1.1" 404 781
0:0:0:0:0:0:0:1 - - [16/Dec/2020:16:29:13 +0530] "GET /SampleCalculator/add?firstn=&secn=&opr=&login=Submit HTTP/1.1" 500 1387
0:0:0:0:0:0:0:1 - - [16/Dec/2020:16:29:19 +0530] "GET /HtmlDataBaseComm/index.html?SNo=&Name=&City=&PhoneNumber=&email= HTTP/1.1" 200 2061
0:0:0:0:0:0:0:1 - - [16/Dec/2020:16:29:44 +0530] "GET /HtmlDataBaseComm/index.html HTTP/1.1" 304 -
0:0:0:0:0:0:0:1 - - [16/Dec/2020:16:30:23 +0530] "GET /HtmlDataBaseComm/index.html?SNo=&Name=&City=&PhoneNumber=&email= HTTP/1.1" 200 2074
0:0:0:0:0:0:0:1 - - [16/Dec/2020:16:30:25 +0530] "GET /HtmlDataBaseComm/add?SNo=&Name=&City=&PhoneNumber=&email= HTTP/1.1" 404 775
0:0:0:0:0:0:0:1 - - [16/Dec/2020:16:30:45 +0530] "GET /HtmlDataBaseComm/index.html HTTP/1.1" 200 2074
0:0:0:0:0:0:0:1 - - [16/Dec/2020:16:30:54 +0530] "GET /HtmlDataBaseComm/add?SNo=1&Name=Zafar+Imam&City=Hyderabad&PhoneNumber=07032871006&email=zafarimam329%40gmail.com&gender=on HTTP/1.1" 404 775
127.0.0.1 - - [16/Dec/2020:16:32:34 +0530] "GET / HTTP/1.1" 404 751
0:0:0:0:0:0:0:1 - - [16/Dec/2020:16:32:35 +0530] "GET /HtmlDataBaseComm/index.html HTTP/1.1" 304 -
0:0:0:0:0:0:0:1 - - [16/Dec/2020:16:32:44 +0530] "GET /HtmlDataBaseComm/add?SNo=1&Name=Zafar+Imam&City=Hyderabad&PhoneNumber=07032871006&email=zafarimam329%40gmail.com&gender=on HTTP/1.1" 200 24
0:0:0:0:0:0:0:1 - - [16/Dec/2020:16:33:08 +0530] "GET /HtmlDataBaseComm/index.html HTTP/1.1" 304 -
0:0:0:0:0:0:0:1 - - [16/Dec/2020:16:33:31 +0530] "GET /HtmlDataBaseComm/add?SNo=1&Name=Zafar+Imam&City=Hyderabad&PhoneNumber=07032871006&email=zafar%40gmail.com&gender=on HTTP/1.1" 200 45
0:0:0:0:0:0:0:1 - - [16/Dec/2020:16:35:36 +0530] "GET /HtmlDataBaseComm/add?SNo=1&Name=Zafar+Imam&City=Hyderabad&PhoneNumber=07032871006&email=zafar%40gmail.com&gender=on HTTP/1.1" 200 45
0:0:0:0:0:0:0:1 - - [16/Dec/2020:16:35:38 +0530] "GET /HtmlDataBaseComm/add?SNo=1&Name=Zafar+Imam&City=Hyderabad&PhoneNumber=07032871006&email=zafar%40gmail.com&gender=on HTTP/1.1" 200 45
0:0:0:0:0:0:0:1 - - [16/Dec/2020:16:35:38 +0530] "GET /HtmlDataBaseComm/add?SNo=1&Name=Zafar+Imam&City=Hyderabad&PhoneNumber=07032871006&email=zafar%40gmail.com&gender=on HTTP/1.1" 200 45
127.0.0.1 - - [16/Dec/2020:16:36:27 +0530] "GET / HTTP/1.1" 404 751
0:0:0:0:0:0:0:1 - - [16/Dec/2020:16:36:28 +0530] "GET /HtmlDataBaseComm/index.html HTTP/1.1" 304 -
0:0:0:0:0:0:0:1 - - [16/Dec/2020:16:37:17 +0530] "GET /HtmlDataBaseComm/add?SNo=2&Name=Shobhit&City=delhi&PhoneNumber=7386397247&email=shobit%40gmail.com&gender=on HTTP/1.1" 200 21
0:0:0:0:0:0:0:1 - - [16/Dec/2020:16:59:43 +0530] "GET /HtmlDataBaseComm/index.html HTTP/1.1" 200 2104
0:0:0:0:0:0:0:1 - - [16/Dec/2020:16:59:56 +0530] "GET /HtmlDataBaseComm/add?SNo=1&Name=Zafar+Imam&City=Hyderabad&PhoneNumber=07032871006&email=zafar%40gmail.com&gender=M HTTP/1.1" 200 -
0:0:0:0:0:0:0:1 - - [16/Dec/2020:17:01:31 +0530] "GET /HtmlDataBaseComm/add HTTP/1.1" 500 1107
127.0.0.1 - - [16/Dec/2020:17:02:34 +0530] "GET / HTTP/1.1" 404 751
0:0:0:0:0:0:0:1 - - [16/Dec/2020:17:02:36 +0530] "GET /HtmlDataBaseComm/add HTTP/1.1" 500 1107
0:0:0:0:0:0:0:1 - - [16/Dec/2020:17:03:51 +0530] "GET /HtmlDataBaseComm/index.html HTTP/1.1" 304 -
0:0:0:0:0:0:0:1 - - [16/Dec/2020:17:04:04 +0530] "GET /HtmlDataBaseComm/add?SNo=1&Name=Zafar+Imam&City=Hyderabad&PhoneNumber=07032871006&email=zafar%40gmail.com&gender=M HTTP/1.1" 200 21
