127.0.0.1 - - [21/Dec/2020:11:20:03 +0530] "GET / HTTP/1.1" 404 751
0:0:0:0:0:0:0:1 - - [21/Dec/2020:11:20:04 +0530] "GET /DatbaseThrowServletContext/servlet/com.grwt.dbopr.zafar.SelectDbOpr HTTP/1.1" 404 826
0:0:0:0:0:0:0:1 - - [21/Dec/2020:11:20:04 +0530] "GET /favicon.ico HTTP/1.1" 404 762
127.0.0.1 - - [21/Dec/2020:11:22:05 +0530] "GET / HTTP/1.1" 404 751
0:0:0:0:0:0:0:1 - - [21/Dec/2020:11:22:05 +0530] "GET /DatbaseThrowServletContext/WEB-INF/web.xml HTTP/1.1" 404 682
0:0:0:0:0:0:0:1 - - [21/Dec/2020:11:22:23 +0530] "GET /DatbaseThrowServletContext/abc HTTP/1.1" 200 1330
0:0:0:0:0:0:0:1 - - [21/Dec/2020:11:22:51 +0530] "GET /DatbaseThrowServletContext/servlet/com.grwt.dbopr.zafar.SelectDbOpr HTTP/1.1" 404 826
127.0.0.1 - - [21/Dec/2020:11:23:48 +0530] "GET / HTTP/1.1" 404 751
0:0:0:0:0:0:0:1 - - [21/Dec/2020:11:23:49 +0530] "GET /DatbaseThrowServletContext/servlet/com.grwt.dbopr.zafar.SelectDbOpr HTTP/1.1" 404 826
127.0.0.1 - - [21/Dec/2020:11:24:45 +0530] "GET / HTTP/1.1" 404 751
0:0:0:0:0:0:0:1 - - [21/Dec/2020:11:24:46 +0530] "GET /DatbaseThrowServletContext/servlet/com.grwt.dbopr.zafar.SelectDbOpr HTTP/1.1" 404 826
127.0.0.1 - - [21/Dec/2020:11:25:32 +0530] "GET / HTTP/1.1" 404 751
0:0:0:0:0:0:0:1 - - [21/Dec/2020:11:25:32 +0530] "GET /DatbaseThrowServletContext/url HTTP/1.1" 200 -
127.0.0.1 - - [21/Dec/2020:11:38:11 +0530] "GET / HTTP/1.1" 404 751
0:0:0:0:0:0:0:1 - - [21/Dec/2020:11:38:12 +0530] "GET /DatbaseThrowServletContext/WEB-INF/StudentInfo.html HTTP/1.1" 404 682
127.0.0.1 - - [21/Dec/2020:11:39:17 +0530] "GET / HTTP/1.1" 404 751
0:0:0:0:0:0:0:1 - - [21/Dec/2020:11:39:17 +0530] "GET /DatbaseThrowServletContext/StudentInfo.html HTTP/1.1" 200 561
0:0:0:0:0:0:0:1 - - [21/Dec/2020:11:40:05 +0530] "GET /DatbaseThrowServletContext/StudentInfo.html HTTP/1.1" 200 599
0:0:0:0:0:0:0:1 - - [21/Dec/2020:11:40:13 +0530] "POST /DatbaseThrowServletContext/std HTTP/1.1" 404 785
127.0.0.1 - - [21/Dec/2020:11:49:38 +0530] "GET / HTTP/1.1" 404 751
0:0:0:0:0:0:0:1 - - [21/Dec/2020:11:49:38 +0530] "GET /DatbaseThrowServletContext/StudentInfo.html HTTP/1.1" 200 599
0:0:0:0:0:0:0:1 - - [21/Dec/2020:11:49:45 +0530] "POST /DatbaseThrowServletContext/std HTTP/1.1" 404 785
127.0.0.1 - - [21/Dec/2020:11:51:47 +0530] "GET / HTTP/1.1" 404 751
0:0:0:0:0:0:0:1 - - [21/Dec/2020:11:51:52 +0530] "POST /DatbaseThrowServletContext/std HTTP/1.1" 200 -
127.0.0.1 - - [21/Dec/2020:11:53:30 +0530] "GET / HTTP/1.1" 404 751
0:0:0:0:0:0:0:1 - - [21/Dec/2020:11:53:35 +0530] "POST /DatbaseThrowServletContext/std HTTP/1.1" 200 99
127.0.0.1 - - [21/Dec/2020:11:54:44 +0530] "GET / HTTP/1.1" 404 751
0:0:0:0:0:0:0:1 - - [21/Dec/2020:11:54:51 +0530] "POST /DatbaseThrowServletContext/std HTTP/1.1" 200 100
127.0.0.1 - - [21/Dec/2020:12:06:19 +0530] "GET / HTTP/1.1" 404 751
0:0:0:0:0:0:0:1 - - [21/Dec/2020:12:06:20 +0530] "POST /DatbaseThrowServletContext/std HTTP/1.1" 200 108
0:0:0:0:0:0:0:1 - - [21/Dec/2020:12:07:13 +0530] "GET /DatbaseThrowServletContext/StudentInfo.html HTTP/1.1" 304 -
0:0:0:0:0:0:0:1 - - [21/Dec/2020:12:07:43 +0530] "POST /DatbaseThrowServletContext/std HTTP/1.1" 200 95
0:0:0:0:0:0:0:1 - - [21/Dec/2020:12:17:12 +0530] "GET /DatbaseThrowServletContext/abc HTTP/1.1" 200 1330
0:0:0:0:0:0:0:1 - - [21/Dec/2020:12:17:28 +0530] "GET /DatbaseThrowServletContext/StudentInfo.html HTTP/1.1" 304 -
0:0:0:0:0:0:0:1 - - [21/Dec/2020:12:17:47 +0530] "POST /DatbaseThrowServletContext/std HTTP/1.1" 200 103
127.0.0.1 - - [21/Dec/2020:12:18:37 +0530] "GET / HTTP/1.1" 404 751
0:0:0:0:0:0:0:1 - - [21/Dec/2020:12:18:37 +0530] "GET /DatbaseThrowServletContext/url HTTP/1.1" 200 -
127.0.0.1 - - [21/Dec/2020:12:19:57 +0530] "GET / HTTP/1.1" 404 751
0:0:0:0:0:0:0:1 - - [21/Dec/2020:12:19:57 +0530] "GET /DatbaseThrowServletContext/url HTTP/1.1" 200 -
0:0:0:0:0:0:0:1 - - [21/Dec/2020:12:20:01 +0530] "GET /DatbaseThrowServletContext/url HTTP/1.1" 200 -
127.0.0.1 - - [21/Dec/2020:12:24:26 +0530] "GET / HTTP/1.1" 404 751
0:0:0:0:0:0:0:1 - - [21/Dec/2020:12:24:27 +0530] "GET /DatbaseThrowServletContext/url HTTP/1.1" 200 -
127.0.0.1 - - [21/Dec/2020:12:26:18 +0530] "GET / HTTP/1.1" 404 751
0:0:0:0:0:0:0:1 - - [21/Dec/2020:12:26:18 +0530] "GET /DatbaseThrowServletContext/url HTTP/1.1" 200 -
0:0:0:0:0:0:0:1 - - [21/Dec/2020:12:27:03 +0530] "GET /DatbaseThrowServletContext/abc HTTP/1.1" 200 1330
0:0:0:0:0:0:0:1 - - [21/Dec/2020:12:28:55 +0530] "GET /DatbaseThrowServletContext/url HTTP/1.1" 200 270
127.0.0.1 - - [21/Dec/2020:12:47:57 +0530] "GET / HTTP/1.1" 404 751
0:0:0:0:0:0:0:1 - - [21/Dec/2020:12:47:58 +0530] "GET /DatbaseThrowServletContext/servlet/com.grwt.dbopr.zafar.DeleteDb HTTP/1.1" 404 823
127.0.0.1 - - [21/Dec/2020:12:49:26 +0530] "GET / HTTP/1.1" 404 751
0:0:0:0:0:0:0:1 - - [21/Dec/2020:12:49:27 +0530] "GET /DatbaseThrowServletContext/servlet/com.grwt.dbopr.zafar.DeleteDb HTTP/1.1" 404 823
127.0.0.1 - - [21/Dec/2020:12:50:31 +0530] "GET / HTTP/1.1" 404 751
0:0:0:0:0:0:0:1 - - [21/Dec/2020:12:50:32 +0530] "GET /DatbaseThrowServletContext/dltd HTTP/1.1" 200 -
0:0:0:0:0:0:0:1 - - [21/Dec/2020:12:50:45 +0530] "GET /DatbaseThrowServletContext/url HTTP/1.1" 200 -
0:0:0:0:0:0:0:1 - - [21/Dec/2020:12:50:51 +0530] "GET /DatbaseThrowServletContext/url HTTP/1.1" 200 -
0:0:0:0:0:0:0:1 - - [21/Dec/2020:12:50:51 +0530] "GET /DatbaseThrowServletContext/url HTTP/1.1" 200 -
0:0:0:0:0:0:0:1 - - [21/Dec/2020:12:50:52 +0530] "GET /DatbaseThrowServletContext/url HTTP/1.1" 200 -
0:0:0:0:0:0:0:1 - - [21/Dec/2020:12:50:52 +0530] "GET /DatbaseThrowServletContext/url HTTP/1.1" 200 -
0:0:0:0:0:0:0:1 - - [21/Dec/2020:12:50:53 +0530] "GET /DatbaseThrowServletContext/url HTTP/1.1" 200 -
0:0:0:0:0:0:0:1 - - [21/Dec/2020:12:50:53 +0530] "GET /DatbaseThrowServletContext/url HTTP/1.1" 200 -
0:0:0:0:0:0:0:1 - - [21/Dec/2020:12:50:53 +0530] "GET /DatbaseThrowServletContext/url HTTP/1.1" 200 -
0:0:0:0:0:0:0:1 - - [21/Dec/2020:12:52:24 +0530] "GET /DatbaseThrowServletContext/abc HTTP/1.1" 200 1330
0:0:0:0:0:0:0:1 - - [21/Dec/2020:12:52:38 +0530] "GET /DatbaseThrowServletContext/url HTTP/1.1" 200 270
0:0:0:0:0:0:0:1 - - [21/Dec/2020:12:52:51 +0530] "GET /DatbaseThrowServletContext/dltd HTTP/1.1" 200 -
0:0:0:0:0:0:0:1 - - [21/Dec/2020:12:52:55 +0530] "GET /DatbaseThrowServletContext/dltd HTTP/1.1" 200 -
127.0.0.1 - - [21/Dec/2020:12:55:24 +0530] "GET / HTTP/1.1" 404 751
0:0:0:0:0:0:0:1 - - [21/Dec/2020:12:55:24 +0530] "GET /DatbaseThrowServletContext/dltd HTTP/1.1" 200 -
0:0:0:0:0:0:0:1 - - [21/Dec/2020:12:56:20 +0530] "GET /DatbaseThrowServletContext/abc HTTP/1.1" 200 1330
0:0:0:0:0:0:0:1 - - [21/Dec/2020:12:56:29 +0530] "GET /DatbaseThrowServletContext/dltd HTTP/1.1" 200 22
0:0:0:0:0:0:0:1 - - [21/Dec/2020:12:56:29 +0530] "GET /DatbaseThrowServletContext/dltd HTTP/1.1" 200 22
0:0:0:0:0:0:0:1 - - [21/Dec/2020:12:56:30 +0530] "GET /DatbaseThrowServletContext/dltd HTTP/1.1" 200 22
0:0:0:0:0:0:0:1 - - [21/Dec/2020:12:56:30 +0530] "GET /DatbaseThrowServletContext/dltd HTTP/1.1" 200 22
0:0:0:0:0:0:0:1 - - [21/Dec/2020:12:56:30 +0530] "GET /DatbaseThrowServletContext/dltd HTTP/1.1" 200 22
0:0:0:0:0:0:0:1 - - [21/Dec/2020:12:56:31 +0530] "GET /DatbaseThrowServletContext/dltd HTTP/1.1" 200 22
0:0:0:0:0:0:0:1 - - [21/Dec/2020:12:56:32 +0530] "GET /DatbaseThrowServletContext/dltd HTTP/1.1" 200 22
0:0:0:0:0:0:0:1 - - [21/Dec/2020:12:56:32 +0530] "GET /DatbaseThrowServletContext/dltd HTTP/1.1" 200 22
0:0:0:0:0:0:0:1 - - [21/Dec/2020:12:56:32 +0530] "GET /DatbaseThrowServletContext/dltd HTTP/1.1" 200 22
0:0:0:0:0:0:0:1 - - [21/Dec/2020:12:56:46 +0530] "GET /DatbaseThrowServletContext/url HTTP/1.1" 200 156
127.0.0.1 - - [21/Dec/2020:12:57:57 +0530] "GET / HTTP/1.1" 404 751
0:0:0:0:0:0:0:1 - - [21/Dec/2020:12:57:58 +0530] "GET /DatbaseThrowServletContext/StudentInfo.html HTTP/1.1" 304 -
0:0:0:0:0:0:0:1 - - [21/Dec/2020:12:58:06 +0530] "POST /DatbaseThrowServletContext/std HTTP/1.1" 200 -
0:0:0:0:0:0:0:1 - - [21/Dec/2020:12:58:19 +0530] "GET /DatbaseThrowServletContext/url HTTP/1.1" 200 156
0:0:0:0:0:0:0:1 - - [21/Dec/2020:12:58:51 +0530] "POST /DatbaseThrowServletContext/std HTTP/1.1" 200 -
0:0:0:0:0:0:0:1 - - [21/Dec/2020:12:59:20 +0530] "GET /DatbaseThrowServletContext/abc HTTP/1.1" 200 1330
0:0:0:0:0:0:0:1 - - [21/Dec/2020:12:59:29 +0530] "POST /DatbaseThrowServletContext/std HTTP/1.1" 200 -
0:0:0:0:0:0:0:1 - - [21/Dec/2020:12:59:52 +0530] "POST /DatbaseThrowServletContext/std HTTP/1.1" 200 -
0:0:0:0:0:0:0:1 - - [21/Dec/2020:13:00:05 +0530] "POST /DatbaseThrowServletContext/std HTTP/1.1" 200 3
0:0:0:0:0:0:0:1 - - [21/Dec/2020:13:00:17 +0530] "GET /DatbaseThrowServletContext/url HTTP/1.1" 200 270
0:0:0:0:0:0:0:1 - - [21/Dec/2020:13:01:08 +0530] "POST /DatbaseThrowServletContext/std HTTP/1.1" 200 -
0:0:0:0:0:0:0:1 - - [21/Dec/2020:13:01:15 +0530] "POST /DatbaseThrowServletContext/std HTTP/1.1" 200 -
0:0:0:0:0:0:0:1 - - [21/Dec/2020:13:01:35 +0530] "GET /DatbaseThrowServletContext/url HTTP/1.1" 200 270
0:0:0:0:0:0:0:1 - - [21/Dec/2020:13:02:28 +0530] "POST /DatbaseThrowServletContext/std HTTP/1.1" 200 3
0:0:0:0:0:0:0:1 - - [21/Dec/2020:13:02:40 +0530] "GET /DatbaseThrowServletContext/url HTTP/1.1" 200 388
0:0:0:0:0:0:0:1 - - [21/Dec/2020:14:11:33 +0530] "GET /DatbaseThrowServletContext/url HTTP/1.1" 200 -
0:0:0:0:0:0:0:1 - - [21/Dec/2020:14:12:12 +0530] "GET /DatbaseThrowServletContext/abc HTTP/1.1" 200 -
0:0:0:0:0:0:0:1 - - [21/Dec/2020:14:13:24 +0530] "GET /DatbaseThrowServletContext/abc HTTP/1.1" 200 -
127.0.0.1 - - [21/Dec/2020:14:16:16 +0530] "GET / HTTP/1.1" 404 751
0:0:0:0:0:0:0:1 - - [21/Dec/2020:14:16:17 +0530] "GET /DatbaseThrowServletContext/abc HTTP/1.1" 200 1330
0:0:0:0:0:0:0:1 - - [21/Dec/2020:14:16:33 +0530] "GET /DatbaseThrowServletContext/url HTTP/1.1" 200 388
127.0.0.1 - - [21/Dec/2020:14:34:18 +0530] "GET / HTTP/1.1" 404 751
0:0:0:0:0:0:0:1 - - [21/Dec/2020:14:34:19 +0530] "GET /DatbaseThrowServletContext/update.html HTTP/1.1" 200 359
0:0:0:0:0:0:0:1 - - [21/Dec/2020:14:34:31 +0530] "GET /DatbaseThrowServletContext/upt?sno=2&sno=SharmaJi&Submit=Submit HTTP/1.1" 404 785
127.0.0.1 - - [21/Dec/2020:14:35:34 +0530] "GET / HTTP/1.1" 404 751
0:0:0:0:0:0:0:1 - - [21/Dec/2020:14:35:41 +0530] "GET /DatbaseThrowServletContext/upt?sno=1&sno=SharmaJi&Submit=Submit HTTP/1.1" 200 31
0:0:0:0:0:0:0:1 - - [21/Dec/2020:14:35:57 +0530] "GET /DatbaseThrowServletContext/url HTTP/1.1" 200 382
0:0:0:0:0:0:0:1 - - [21/Dec/2020:14:36:28 +0530] "GET /DatbaseThrowServletContext/update.html HTTP/1.1" 304 -
0:0:0:0:0:0:0:1 - - [21/Dec/2020:14:36:42 +0530] "GET /DatbaseThrowServletContext/upt?sno=1&sno=Zafarimam&Submit=Submit HTTP/1.1" 200 31
127.0.0.1 - - [21/Dec/2020:22:53:37 +0530] "GET / HTTP/1.1" 404 751
127.0.0.1 - - [21/Dec/2020:23:30:24 +0530] "GET / HTTP/1.1" 404 751
127.0.0.1 - - [21/Dec/2020:23:32:51 +0530] "GET / HTTP/1.1" 404 751
0:0:0:0:0:0:0:1 - - [21/Dec/2020:23:32:56 +0530] "GET /DatbaseThrowServletContext/abc HTTP/1.1" 200 1330
0:0:0:0:0:0:0:1 - - [21/Dec/2020:23:32:57 +0530] "GET /favicon.ico HTTP/1.1" 404 762
0:0:0:0:0:0:0:1 - - [21/Dec/2020:23:35:55 +0530] "GET /DatbaseThrowServletContext/abc HTTP/1.1" 200 1330
0:0:0:0:0:0:0:1 - - [21/Dec/2020:23:35:55 +0530] "GET /favicon.ico HTTP/1.1" 404 762
